Enter password: ****
Welcome to the MySQL monitor.  Commands end with ; or \g.
Your MySQL connection id is 8
Server version: 5.5.62 MySQL Community Server (GPL)

Copyright (c) 2000, 2018, Oracle and/or its affiliates. All rights reserved.

Oracle is a registered trademark of Oracle Corporation and/or its
affiliates. Other names may be trademarks of their respective
owners.

Type 'help;' or '\h' for help. Type '\c' to clear the current input statement.

mysql> select*from student;
ERROR 1046 (3D000): No database selected
mysql> use database student;
ERROR 1049 (42000): Unknown database 'database'
mysql> create table branch(branch name char(20),branch cityt char(20))
    -> show databases;
ERROR 1046 (3D000): No database selected
mysql> \c
mysql> show databases;
+--------------------+
| Database           |
+--------------------+
| information_schema |
| bank_management    |
| mysql              |
| performance_schema |
| test               |
| university         |
+--------------------+
6 rows in set (0.05 sec)

mysql> use university;
Database changed
mysql> create table banking(bank_name char(20),bank_branch char(20),bank_city char(20))
    -> desc university;
ERROR 1064 (42000): You have an error in your SQL syntax; check the manual that corresponds to your MySQL server version for the right syntax to use near 'desc university' at line 2
mysql> create table banking(bank_name char(20),bank_branch char(20),bank_city char(20));
Query OK, 0 rows affected (0.09 sec)

mysql> desc university;\
ERROR 1146 (42S02): Table 'university.university' doesn't exist
mysql> desc university;
ERROR 1146 (42S02): Table 'university.university' doesn't exist
mysql> desc banking;
+-------------+----------+------+-----+---------+-------+
| Field       | Type     | Null | Key | Default | Extra |
+-------------+----------+------+-----+---------+-------+
| bank_name   | char(20) | YES  |     | NULL    |       |
| bank_branch | char(20) | YES  |     | NULL    |       |
| bank_city   | char(20) | YES  |     | NULL    |       |
+-------------+----------+------+-----+---------+-------+
3 rows in set (0.03 sec)

mysql> create table account(account number int,branch_name char(20),balance int);\
ERROR 1064 (42000): You have an error in your SQL syntax; check the manual that corresponds to your MySQL server version for the right syntax to use near 'number int,branch_name char(20),balance int)' at line 1
mysql> create table account(account_number int,branch_name char(20),balance int);\
Query OK, 0 rows affected (0.06 sec)

mysql> desc account;
+----------------+----------+------+-----+---------+-------+
| Field          | Type     | Null | Key | Default | Extra |
+----------------+----------+------+-----+---------+-------+
| account_number | int(11)  | YES  |     | NULL    |       |
| branch_name    | char(20) | YES  |     | NULL    |       |
| balance        | int(11)  | YES  |     | NULL    |       |
+----------------+----------+------+-----+---------+-------+
3 rows in set (0.00 sec)

mysql> cresate table depositer(coustumer_name char(20),accouunt_number int);
ERROR 1064 (42000): You have an error in your SQL syntax; check the manual that corresponds to your MySQL server version for the right syntax to use near 'cresate table depositer(coustumer_name char(20),accouunt_number int)' at line 1
mysql>  create table depositer(coustumer_name char(20),accouunt_number int);
Query OK, 0 rows affected (0.06 sec)

mysql> desc depositer;
+-----------------+----------+------+-----+---------+-------+
| Field           | Type     | Null | Key | Default | Extra |
+-----------------+----------+------+-----+---------+-------+
| coustumer_name  | char(20) | YES  |     | NULL    |       |
| accouunt_number | int(11)  | YES  |     | NULL    |       |
+-----------------+----------+------+-----+---------+-------+
2 rows in set (0.00 sec)

mysql> create table borrower(coustomer_name char(20),loan number int);\
ERROR 1064 (42000): You have an error in your SQL syntax; check the manual that corresponds to your MySQL server version for the right syntax to use near 'number int)' at line 1
mysql> create table borrower(coustomer_name char(20),loan_number int);\
Query OK, 0 rows affected (0.06 sec)

mysql> desc borrower;
+----------------+----------+------+-----+---------+-------+
| Field          | Type     | Null | Key | Default | Extra |
+----------------+----------+------+-----+---------+-------+
| coustomer_name | char(20) | YES  |     | NULL    |       |
| loan_number    | int(11)  | YES  |     | NULL    |       |
+----------------+----------+------+-----+---------+-------+
2 rows in set (0.00 sec)

mysql> create tabole employee(employee_name char(20),branch_name char(20),salaray int);
ERROR 1064 (42000): You have an error in your SQL syntax; check the manual that corresponds to your MySQL server version for the right syntax to use near 'tabole employee(employee_name char(20),branch_name char(20),salaray int)' at line 1
mysql> create table employee(employee_name char(20),branch_name char(20),salaray int);
Query OK, 0 rows affected (0.08 sec)

mysql> desc employee;
+---------------+----------+------+-----+---------+-------+
| Field         | Type     | Null | Key | Default | Extra |
+---------------+----------+------+-----+---------+-------+
| employee_name | char(20) | YES  |     | NULL    |       |
| branch_name   | char(20) | YES  |     | NULL    |       |
| salaray       | int(11)  | YES  |     | NULL    |       |
+---------------+----------+------+-----+---------+-------+
3 rows in set (0.00 sec)

mysql> insert into banking values('canara bank','rajanukunte','banglore');
Query OK, 1 row affected (0.03 sec)

mysql>  insert into banking values('sbi bank','shorapur','yadgir');
Query OK, 1 row affected (0.05 sec)

mysql>  insert into banking values('SBI bank','sb road','kalaburgi');
Query OK, 1 row affected (0.03 sec)

mysql> select*from banking;
+-------------+-------------+-----------+
| bank_name   | bank_branch | bank_city |
+-------------+-------------+-----------+
| canara bank | rajanukunte | banglore  |
| sbi bank    | shorapur    | yadgir    |
| SBI bank    | sb road     | kalaburgi |
+-------------+-------------+-----------+
3 rows in set (0.00 sec)

mysql> insert into account values(1234566878,'shorapur',1071);
Query OK, 1 row affected (0.03 sec)

mysql> insert into account values(74474477,'kalaburgi',10000);
Query OK, 1 row affected (0.03 sec)

mysql> insert into account values(90213444,'udupi',1088871);
Query OK, 1 row affected (0.05 sec)

mysql> select*from account;
+----------------+-------------+---------+
| account_number | branch_name | balance |
+----------------+-------------+---------+
|     1234566878 | shorapur    |    1071 |
|       74474477 | kalaburgi   |   10000 |
|       90213444 | udupi       | 1088871 |
+----------------+-------------+---------+
3 rows in set (0.00 sec)

mysql> insert into depositer values('basavaraj',74474477);
Query OK, 1 row affected (0.05 sec)

mysql>  insert into depositer values('KEERTHAN SHETTY',503503503);
Query OK, 1 row affected (0.03 sec)

mysql>  insert into depositer values('ADITYA',503503503);
Query OK, 1 row affected (0.05 sec)

mysql> select*from depositer;
+-----------------+-----------------+
| coustumer_name  | accouunt_number |
+-----------------+-----------------+
| basavaraj       |        74474477 |
| KEERTHAN SHETTY |       503503503 |
| ADITYA          |       503503503 |
+-----------------+-----------------+
3 rows in set (0.00 sec)

mysql> insert into borrower;
ERROR 1064 (42000): You have an error in your SQL syntax; check the manual that corresponds to your MySQL server version for the right syntax to use near '' at line 1
mysql> insert into borrower values('basavaraj',40000034);
Query OK, 1 row affected (0.03 sec)

mysql> insert into borrower values('SANKET',432543454);
Query OK, 1 row affected (0.03 sec)

mysql> insert into borrower values('veeresh',38383837);
Query OK, 1 row affected (0.05 sec)

mysql> select*from borrower;
+----------------+-------------+
| coustomer_name | loan_number |
+----------------+-------------+
| basavaraj      |    40000034 |
| SANKET         |   432543454 |
| veeresh        |    38383837 |
+----------------+-------------+
3 rows in set (0.00 sec)

mysql> select*from banking;
+-------------+-------------+-----------+
| bank_name   | bank_branch | bank_city |
+-------------+-------------+-----------+
| canara bank | rajanukunte | banglore  |
| sbi bank    | shorapur    | yadgir    |
| SBI bank    | sb road     | kalaburgi |
+-------------+-------------+-----------+
3 rows in set (0.00 sec)

mysql> select*from account;
+----------------+-------------+---------+
| account_number | branch_name | balance |
+----------------+-------------+---------+
|     1234566878 | shorapur    |    1071 |
|       74474477 | kalaburgi   |   10000 |
|       90213444 | udupi       | 1088871 |
+----------------+-------------+---------+
3 rows in set (0.00 sec)

mysql> select*from depositer;
+-----------------+-----------------+
| coustumer_name  | accouunt_number |
+-----------------+-----------------+
| basavaraj       |        74474477 |
| KEERTHAN SHETTY |       503503503 |
| ADITYA          |       503503503 |
+-----------------+-----------------+
3 rows in set (0.00 sec)

mysql> select*from borrower;
+----------------+-------------+
| coustomer_name | loan_number |
+----------------+-------------+
| basavaraj      |    40000034 |
| SANKET         |   432543454 |
| veeresh        |    38383837 |
+----------------+-------------+
3 rows in set (0.00 sec)

mysql> alter table borrower add(loan_amount int);
Query OK, 3 rows affected (0.23 sec)
Records: 3  Duplicates: 0  Warnings: 0

mysql> desc borrower;
+----------------+----------+------+-----+---------+-------+
| Field          | Type     | Null | Key | Default | Extra |
+----------------+----------+------+-----+---------+-------+
| coustomer_name | char(20) | YES  |     | NULL    |       |
| loan_number    | int(11)  | YES  |     | NULL    |       |
| loan_amount    | int(11)  | YES  |     | NULL    |       |
+----------------+----------+------+-----+---------+-------+
3 rows in set (0.00 sec)

mysql> insert into borrower vales( , ,23456)
    -> insert into borrowe values( , ,234455);
ERROR 1064 (42000): You have an error in your SQL syntax; check the manual that corresponds to your MySQL server version for the right syntax to use near 'vales( , ,23456)
insert into borrowe values( , ,234455)' at line 1
mysql> select*from borrower;
+----------------+-------------+-------------+
| coustomer_name | loan_number | loan_amount |
+----------------+-------------+-------------+
| basavaraj      |    40000034 |        NULL |
| SANKET         |   432543454 |        NULL |
| veeresh        |    38383837 |        NULL |
+----------------+-------------+-------------+
3 rows in set (0.00 sec)

mysql> update borrower set loan_amount=234546 where coustomer_name='basavaraj';
Query OK, 1 row affected (0.03 sec)
Rows matched: 1  Changed: 1  Warnings: 0

mysql> update borrower set loan_amount=400000 where coustomer_name='SANKET';
Query OK, 1 row affected (0.03 sec)
Rows matched: 1  Changed: 1  Warnings: 0

mysql> update borrower set loan_amount=80000 where coustomer_name='veeresh';
Query OK, 1 row affected (0.03 sec)
Rows matched: 1  Changed: 1  Warnings: 0

mysql> select*from borrower;
+----------------+-------------+-------------+
| coustomer_name | loan_number | loan_amount |
+----------------+-------------+-------------+
| basavaraj      |    40000034 |      234546 |
| SANKET         |   432543454 |      400000 |
| veeresh        |    38383837 |       80000 |
+----------------+-------------+-------------+
3 rows in set (0.00 sec)

mysql> insert into employee values('basavaraj','shorapur',1500000);
Query OK, 1 row affected (0.03 sec)

mysql>  insert into employee values('KEERTHAN SHETTY','udupi',8000000);
Query OK, 1 row affected (0.05 sec)

mysql>  insert into employee values('ADITYA','hubli',500000);
Query OK, 1 row affected (0.05 sec)

mysql> select*from banking;
+-------------+-------------+-----------+
| bank_name   | bank_branch | bank_city |
+-------------+-------------+-----------+
| canara bank | rajanukunte | banglore  |
| sbi bank    | shorapur    | yadgir    |
| SBI bank    | sb road     | kalaburgi |
+-------------+-------------+-----------+
3 rows in set (0.00 sec)

mysql> select*from account;
+----------------+-------------+---------+
| account_number | branch_name | balance |
+----------------+-------------+---------+
|     1234566878 | shorapur    |    1071 |
|       74474477 | kalaburgi   |   10000 |
|       90213444 | udupi       | 1088871 |
+----------------+-------------+---------+
3 rows in set (0.00 sec)

mysql> select*from depositer;
+-----------------+-----------------+
| coustumer_name  | accouunt_number |
+-----------------+-----------------+
| basavaraj       |        74474477 |
| KEERTHAN SHETTY |       503503503 |
| ADITYA          |       503503503 |
+-----------------+-----------------+
3 rows in set (0.00 sec)

mysql> select*from borrower;
+----------------+-------------+-------------+
| coustomer_name | loan_number | loan_amount |
+----------------+-------------+-------------+
| basavaraj      |    40000034 |      234546 |
| SANKET         |   432543454 |      400000 |
| veeresh        |    38383837 |       80000 |
+----------------+-------------+-------------+
3 rows in set (0.00 sec)

mysql> select*from employee;
+-----------------+-------------+---------+
| employee_name   | branch_name | salaray |
+-----------------+-------------+---------+
| basavaraj       | shorapur    | 1500000 |
| KEERTHAN SHETTY | udupi       | 8000000 |
| ADITYA          | hubli       |  500000 |
+-----------------+-------------+---------+
3 rows in set (0.00 sec)


